// Jest Snapshot v1, https://goo.gl/fbAQLP

exports[`renders correctly 1`] = `
<div
  className="container"
>
  <div
    className="counter-container"
  >
    <div
      className="value-container"
    >
      120
    </div>
    <div
      className="btn-container"
    >
      <div
        className="plus-container"
      >
        <button
          type="button"
        >
          +
        </button>
      </div>
      <div
        className="minus-container"
      >
        <button
          type="button"
        >
          +
        </button>
      </div>
    </div>
  </div>
</div>
`;
